{"sessionId": "5e088b", "runId": "pre-fix", "hypothesisId": "H4", "location": "app/streamlit_app.py:upload", "message": "Upload received", "data": {"filename": "Sample_file.xlsx", "size": 8557, "company_rows": 1, "over_limit_5": false}, "timestamp": 1781866265546}
{"sessionId": "5e088b", "runId": "pre-fix", "hypothesisId": "H2", "location": "app/streamlit_app.py:upload:cache_clear", "message": "Cleared people cache on new upload", "data": {"removed_files": 0, "cache_dir": "/app/output/cache/people"}, "timestamp": 1781866265550}
{"sessionId": "5e088b", "runId": "pre-fix", "hypothesisId": "H4", "location": "app/streamlit_app.py:upload", "message": "Upload received", "data": {"filename": "Sample_file.xlsx", "size": 8557, "company_rows": 1, "over_limit_5": false}, "timestamp": 1781866266946}
{"sessionId": "5e088b", "runId": "pre-fix", "hypothesisId": "H1_H2", "location": "app/streamlit_app.py:_run_pipeline:start", "message": "Pipeline subprocess starting", "data": {"python": "3.12.3", "playwright_version": "1.60.0", "playwright_browsers_path": "/ms-playwright", "playwright_path_exists": true, "chromium_entries": ["chromium-1223", "chromium_headless_shell-1223"], "report_path": "/app/data/Sample_file_Final_report.xlsx"}, "timestamp": 1781866267020}
{"sessionId": "5e088b", "runId": "pre-fix", "hypothesisId": "H1_H3", "location": "app/streamlit_app.py:_run_pipeline:end", "message": "Pipeline subprocess finished", "data": {"returncode": 0, "report_exists": true, "row_count": 15, "ok": true}, "timestamp": 1781866422948}
{"sessionId": "5e088b", "runId": "pre-fix", "hypothesisId": "H4", "location": "app/streamlit_app.py:upload", "message": "Upload received", "data": {"filename": "Sample_file.xlsx", "size": 8557, "company_rows": 1, "over_limit_5": false}, "timestamp": 1781866423072}
{"sessionId": "5e088b", "runId": "pre-fix", "hypothesisId": "H4", "location": "app/streamlit_app.py:upload", "message": "Upload received", "data": {"filename": "Sample_file.xlsx", "size": 8557, "company_rows": 1, "over_limit_5": false}, "timestamp": 1781867234228}
{"sessionId": "5e088b", "runId": "pre-fix", "hypothesisId": "H4", "location": "app/streamlit_app.py:upload", "message": "Upload received", "data": {"filename": "Sample_file (1).xlsx", "size": 8830, "company_rows": 1, "over_limit_5": false}, "timestamp": 1781875185397}
{"sessionId": "5e088b", "runId": "pre-fix", "hypothesisId": "H2", "location": "app/streamlit_app.py:upload:cache_clear", "message": "Cleared people cache on new upload", "data": {"removed_files": 1, "cache_dir": "D:\\GTM\\GTM-master\\GTM-master\\output\\cache\\people"}, "timestamp": 1781875185398}
{"sessionId": "5e088b", "runId": "pre-fix", "hypothesisId": "H4", "location": "app/streamlit_app.py:upload", "message": "Upload received", "data": {"filename": "Sample_file (1).xlsx", "size": 8830, "company_rows": 1, "over_limit_5": false}, "timestamp": 1781875187719}
{"sessionId": "5e088b", "runId": "pre-fix", "hypothesisId": "H1_H2", "location": "app/streamlit_app.py:_run_pipeline:start", "message": "Pipeline subprocess starting", "data": {"python": "3.14.0", "playwright_version": "1.60.0", "playwright_browsers_path": "", "playwright_path_exists": false, "chromium_entries": [], "report_path": "D:\\GTM\\GTM-master\\GTM-master\\output\\final_report.xlsx"}, "timestamp": 1781875187779}
{"sessionId": "5e088b", "runId": "pre-fix", "hypothesisId": "H1_H3", "location": "app/streamlit_app.py:_run_pipeline:end", "message": "Pipeline subprocess finished", "data": {"returncode": 1, "report_exists": false, "row_count": 0, "ok": false}, "timestamp": 1781875188890}
{"sessionId": "5e088b", "runId": "pre-fix", "hypothesisId": "H4", "location": "app/streamlit_app.py:upload", "message": "Upload received", "data": {"filename": "Sample_file (1).xlsx", "size": 8830, "company_rows": 1, "over_limit_5": false}, "timestamp": 1781875189032}
{"sessionId": "5e088b", "runId": "pre-fix", "hypothesisId": "H4", "location": "app/streamlit_app.py:upload", "message": "Upload received", "data": {"filename": "Sample_file (1).xlsx", "size": 8830, "company_rows": 1, "over_limit_5": false}, "timestamp": 1781875226038}
{"sessionId": "5e088b", "runId": "pre-fix", "hypothesisId": "H2", "location": "app/streamlit_app.py:upload:cache_clear", "message": "Cleared people cache on new upload", "data": {"removed_files": 0, "cache_dir": "D:\\GTM\\GTM-master\\GTM-master\\output\\cache\\people"}, "timestamp": 1781875226040}
{"sessionId": "5e088b", "runId": "pre-fix", "hypothesisId": "H4", "location": "app/streamlit_app.py:upload", "message": "Upload received", "data": {"filename": "Sample_file (1).xlsx", "size": 8830, "company_rows": 1, "over_limit_5": false}, "timestamp": 1781875227429}
{"sessionId": "5e088b", "runId": "pre-fix", "hypothesisId": "H1_H2", "location": "app/streamlit_app.py:_run_pipeline:start", "message": "Pipeline subprocess starting", "data": {"python": "3.14.0", "playwright_version": "1.60.0", "playwright_browsers_path": "", "playwright_path_exists": false, "chromium_entries": [], "report_path": "D:\\GTM\\GTM-master\\GTM-master\\output\\final_report.xlsx"}, "timestamp": 1781875227487}
{"sessionId": "5e088b", "runId": "pre-fix", "hypothesisId": "H1_H3", "location": "app/streamlit_app.py:_run_pipeline:end", "message": "Pipeline subprocess finished", "data": {"returncode": 1, "report_exists": false, "row_count": 0, "ok": false}, "timestamp": 1781875228559}
{"sessionId": "5e088b", "runId": "pre-fix", "hypothesisId": "H4", "location": "app/streamlit_app.py:upload", "message": "Upload received", "data": {"filename": "Sample_file (1).xlsx", "size": 8830, "company_rows": 1, "over_limit_5": false}, "timestamp": 1781875228703}
{"sessionId": "5e088b", "runId": "pre-fix", "hypothesisId": "H4", "location": "app/streamlit_app.py:upload", "message": "Upload received", "data": {"filename": "Sample_file (1).xlsx", "size": 8830, "company_rows": 1, "over_limit_5": false}, "timestamp": 1781875357375}
{"sessionId": "5e088b", "runId": "pre-fix", "hypothesisId": "H2", "location": "app/streamlit_app.py:upload:cache_clear", "message": "Cleared people cache on new upload", "data": {"removed_files": 0, "cache_dir": "D:\\GTM\\GTM-master\\GTM-master\\output\\cache\\people"}, "timestamp": 1781875357376}
{"sessionId": "5e088b", "runId": "pre-fix", "hypothesisId": "H4", "location": "app/streamlit_app.py:upload", "message": "Upload received", "data": {"filename": "Sample_file (1).xlsx", "size": 8830, "company_rows": 1, "over_limit_5": false}, "timestamp": 1781875358262}
{"sessionId": "5e088b", "runId": "pre-fix", "hypothesisId": "H1_H2", "location": "app/streamlit_app.py:_run_pipeline:start", "message": "Pipeline subprocess starting", "data": {"python": "3.14.0", "playwright_version": "1.60.0", "playwright_browsers_path": "", "playwright_path_exists": false, "chromium_entries": [], "report_path": "D:\\GTM\\GTM-master\\GTM-master\\output\\final_report.xlsx"}, "timestamp": 1781875358319}
{"sessionId": "5e088b", "runId": "pre-fix", "hypothesisId": "H1_H3", "location": "app/streamlit_app.py:_run_pipeline:end", "message": "Pipeline subprocess finished", "data": {"returncode": 1, "report_exists": false, "row_count": 0, "ok": false}, "timestamp": 1781875375968}
{"sessionId": "5e088b", "runId": "pre-fix", "hypothesisId": "H4", "location": "app/streamlit_app.py:upload", "message": "Upload received", "data": {"filename": "Sample_file (1).xlsx", "size": 8830, "company_rows": 1, "over_limit_5": false}, "timestamp": 1781875376115}
{"sessionId": "5e088b", "runId": "pre-fix", "hypothesisId": "H4", "location": "app/streamlit_app.py:upload", "message": "Upload received", "data": {"filename": "Sample_file (1).xlsx", "size": 8830, "company_rows": 1, "over_limit_5": false}, "timestamp": 1781875558817}
{"sessionId": "5e088b", "runId": "pre-fix", "hypothesisId": "H2", "location": "app/streamlit_app.py:upload:cache_clear", "message": "Cleared people cache on new upload", "data": {"removed_files": 0, "cache_dir": "D:\\GTM\\GTM-master\\GTM-master\\output\\cache\\people"}, "timestamp": 1781875558818}
{"sessionId": "5e088b", "runId": "pre-fix", "hypothesisId": "H4", "location": "app/streamlit_app.py:upload", "message": "Upload received", "data": {"filename": "Sample_file (1).xlsx", "size": 8830, "company_rows": 1, "over_limit_5": false}, "timestamp": 1781875559730}
{"sessionId": "5e088b", "runId": "pre-fix", "hypothesisId": "H1_H2", "location": "app/streamlit_app.py:_run_pipeline:start", "message": "Pipeline subprocess starting", "data": {"python": "3.14.0", "playwright_version": "1.60.0", "playwright_browsers_path": "", "playwright_path_exists": false, "chromium_entries": [], "report_path": "D:\\GTM\\GTM-master\\GTM-master\\output\\final_report.xlsx"}, "timestamp": 1781875559791}
{"sessionId": "5e088b", "runId": "pre-fix", "hypothesisId": "H1_H3", "location": "app/streamlit_app.py:_run_pipeline:end", "message": "Pipeline subprocess finished", "data": {"returncode": 0, "report_exists": true, "row_count": 15, "ok": true}, "timestamp": 1781875700891}
{"sessionId": "5e088b", "runId": "pre-fix", "hypothesisId": "H4", "location": "app/streamlit_app.py:upload", "message": "Upload received", "data": {"filename": "Sample_file (1).xlsx", "size": 8830, "company_rows": 1, "over_limit_5": false}, "timestamp": 1781875701026}
{"sessionId": "5e088b", "runId": "pre-fix", "hypothesisId": "H4", "location": "app/streamlit_app.py:upload", "message": "Upload received", "data": {"filename": "Sample_file (1).xlsx", "size": 8830, "company_rows": 1, "over_limit_5": false}, "timestamp": 1781875704577}
{"sessionId": "5e088b", "runId": "pre-fix", "hypothesisId": "H4", "location": "app/streamlit_app.py:upload", "message": "Upload received", "data": {"filename": "Sample_file (1).xlsx", "size": 8830, "company_rows": 1, "over_limit_5": false}, "timestamp": 1781875710951}
{"sessionId": "5e088b", "runId": "pre-fix", "hypothesisId": "H4", "location": "app/streamlit_app.py:upload", "message": "Upload received", "data": {"filename": "Sample_file (1).xlsx", "size": 8830, "company_rows": 1, "over_limit_5": false}, "timestamp": 1781875718279}
{"sessionId": "5e088b", "runId": "pre-fix", "hypothesisId": "H4", "location": "app/streamlit_app.py:upload", "message": "Upload received", "data": {"filename": "Sample_file (1).xlsx", "size": 8830, "company_rows": 1, "over_limit_5": false}, "timestamp": 1781875725321}
{"sessionId": "5e088b", "runId": "pre-fix", "hypothesisId": "H4", "location": "app/streamlit_app.py:upload", "message": "Upload received", "data": {"filename": "Sample_file (1).xlsx", "size": 8830, "company_rows": 1, "over_limit_5": false}, "timestamp": 1781875733290}
{"sessionId": "5e088b", "runId": "pre-fix", "hypothesisId": "H4", "location": "app/streamlit_app.py:upload", "message": "Upload received", "data": {"filename": "Sample_file (1).xlsx", "size": 8830, "company_rows": 1, "over_limit_5": false}, "timestamp": 1781875755860}
{"sessionId": "5e088b", "runId": "pre-fix", "hypothesisId": "H4", "location": "app/streamlit_app.py:upload", "message": "Upload received", "data": {"filename": "Sample_file (1).xlsx", "size": 8830, "company_rows": 1, "over_limit_5": false}, "timestamp": 1781875778661}
{"sessionId": "5e088b", "runId": "pre-fix", "hypothesisId": "H4", "location": "app/streamlit_app.py:upload", "message": "Upload received", "data": {"filename": "Sample_file (1).xlsx", "size": 8830, "company_rows": 1, "over_limit_5": false}, "timestamp": 1781875890845}
{"sessionId": "5e088b", "runId": "pre-fix", "hypothesisId": "H2", "location": "app/streamlit_app.py:upload:cache_clear", "message": "Cleared people cache on new upload", "data": {"removed_files": 1, "cache_dir": "/app/output/cache/people"}, "timestamp": 1781875890879}
{"sessionId": "5e088b", "runId": "pre-fix", "hypothesisId": "H4", "location": "app/streamlit_app.py:upload", "message": "Upload received", "data": {"filename": "Sample_file (1).xlsx", "size": 8830, "company_rows": 1, "over_limit_5": false}, "timestamp": 1781875893180}
{"sessionId": "5e088b", "runId": "pre-fix", "hypothesisId": "H1_H2", "location": "app/streamlit_app.py:_run_pipeline:start", "message": "Pipeline subprocess starting", "data": {"python": "3.12.3", "playwright_version": "1.60.0", "playwright_browsers_path": "/ms-playwright", "playwright_path_exists": true, "chromium_entries": ["chromium-1223", "chromium_headless_shell-1223"], "report_path": "/app/output/final_report.xlsx"}, "timestamp": 1781875893248}
{"sessionId": "5e088b", "runId": "pre-fix", "hypothesisId": "H1_H3", "location": "app/streamlit_app.py:_run_pipeline:end", "message": "Pipeline subprocess finished", "data": {"returncode": 0, "report_exists": true, "row_count": 15, "ok": true}, "timestamp": 1781875996777}
{"sessionId": "5e088b", "runId": "pre-fix", "hypothesisId": "H4", "location": "app/streamlit_app.py:upload", "message": "Upload received", "data": {"filename": "Sample_file (1).xlsx", "size": 8830, "company_rows": 1, "over_limit_5": false}, "timestamp": 1781875996896}
{"sessionId": "5e088b", "runId": "pre-fix", "hypothesisId": "H4", "location": "app/streamlit_app.py:upload", "message": "Upload received", "data": {"filename": "Sample_file (1).xlsx", "size": 8830, "company_rows": 1, "over_limit_5": false}, "timestamp": 1781875998971}
{"sessionId": "5e088b", "runId": "pre-fix", "hypothesisId": "H4", "location": "app/streamlit_app.py:upload", "message": "Upload received", "data": {"filename": "Sample_file (3).xlsx", "size": 9063, "company_rows": 1, "over_limit_5": false}, "timestamp": 1781876835312}
{"sessionId": "5e088b", "runId": "pre-fix", "hypothesisId": "H2", "location": "app/streamlit_app.py:upload:cache_clear", "message": "Cleared people cache on new upload", "data": {"removed_files": 1, "cache_dir": "/app/output/cache/people"}, "timestamp": 1781876835343}
{"sessionId": "5e088b", "runId": "pre-fix", "hypothesisId": "H4", "location": "app/streamlit_app.py:upload", "message": "Upload received", "data": {"filename": "Sample_file (3).xlsx", "size": 9063, "company_rows": 1, "over_limit_5": false}, "timestamp": 1781876838095}
{"sessionId": "5e088b", "runId": "pre-fix", "hypothesisId": "H1_H2", "location": "app/streamlit_app.py:_run_pipeline:start", "message": "Pipeline subprocess starting", "data": {"python": "3.12.3", "playwright_version": "1.60.0", "playwright_browsers_path": "/ms-playwright", "playwright_path_exists": true, "chromium_entries": ["chromium-1223", "chromium_headless_shell-1223"], "report_path": "/app/output/final_report.xlsx"}, "timestamp": 1781876838173}
{"sessionId": "5e088b", "runId": "pre-fix", "hypothesisId": "H1_H3", "location": "app/streamlit_app.py:_run_pipeline:end", "message": "Pipeline subprocess finished", "data": {"returncode": 0, "report_exists": true, "row_count": 15, "ok": true}, "timestamp": 1781876997733}
{"sessionId": "5e088b", "runId": "pre-fix", "hypothesisId": "H4", "location": "app/streamlit_app.py:upload", "message": "Upload received", "data": {"filename": "Sample_file (3).xlsx", "size": 9063, "company_rows": 1, "over_limit_5": false}, "timestamp": 1781876997873}
{"sessionId": "5e088b", "runId": "pre-fix", "hypothesisId": "H4", "location": "app/streamlit_app.py:upload", "message": "Upload received", "data": {"filename": "Sample_file (3).xlsx", "size": 9063, "company_rows": 1, "over_limit_5": false}, "timestamp": 1781877001198}
{"sessionId": "5e088b", "runId": "pre-fix", "hypothesisId": "H4", "location": "app/streamlit_app.py:upload", "message": "Upload received", "data": {"filename": "Sample_file (1).xlsx", "size": 8830, "company_rows": 1, "over_limit_5": false}, "timestamp": 1781878589871}
{"sessionId": "5e088b", "runId": "pre-fix", "hypothesisId": "H2", "location": "app/streamlit_app.py:upload:cache_clear", "message": "Cleared people cache on new upload", "data": {"removed_files": 1, "cache_dir": "/app/output/cache/people"}, "timestamp": 1781878589901}
{"sessionId": "5e088b", "runId": "pre-fix", "hypothesisId": "H4", "location": "app/streamlit_app.py:upload", "message": "Upload received", "data": {"filename": "Sample_file (1).xlsx", "size": 8830, "company_rows": 1, "over_limit_5": false}, "timestamp": 1781878591803}
{"sessionId": "5e088b", "runId": "pre-fix", "hypothesisId": "H1_H2", "location": "app/streamlit_app.py:_run_pipeline:start", "message": "Pipeline subprocess starting", "data": {"python": "3.12.3", "playwright_version": "1.60.0", "playwright_browsers_path": "/ms-playwright", "playwright_path_exists": true, "chromium_entries": ["chromium-1223", "chromium_headless_shell-1223"], "report_path": "/app/output/final_report.xlsx"}, "timestamp": 1781878591899}
{"sessionId": "5e088b", "runId": "pre-fix", "hypothesisId": "H1_H3", "location": "app/streamlit_app.py:_run_pipeline:end", "message": "Pipeline subprocess finished", "data": {"returncode": 0, "report_exists": true, "row_count": 15, "ok": true}, "timestamp": 1781878788520}
{"sessionId": "5e088b", "runId": "pre-fix", "hypothesisId": "H4", "location": "app/streamlit_app.py:upload", "message": "Upload received", "data": {"filename": "Sample_file (1).xlsx", "size": 8830, "company_rows": 1, "over_limit_5": false}, "timestamp": 1781878788677}
{"sessionId": "5e088b", "runId": "pre-fix", "hypothesisId": "H4", "location": "app/streamlit_app.py:upload", "message": "Upload received", "data": {"filename": "Sample_file (1).xlsx", "size": 8830, "company_rows": 1, "over_limit_5": false}, "timestamp": 1781878815767}
